/ 1440 loaded
/aes 1440 loaded
/rsa 1440 loaded
/ecc 1440 loaded
/block-modes 1440 loaded
/diffie-hellman 1440 loaded
/hashing 1440 loaded
/hmac 1440 loaded
/signatures 1440 loaded
/padding 1440 loaded
/password-hashing 1440 loaded
/tls 1440 loaded
/cryptanalysis 1440 loaded
/compare 1440 loaded
/learn 1440 loaded
/glossary 1440 loaded
/about 1440 loaded
/not-a-real-route 1440 loaded
/ 390 loaded
/aes 390 loaded
/rsa 390 loaded
/ecc 390 loaded
/block-modes 390 loaded
/diffie-hellman 390 loaded
/hashing 390 loaded
/hmac 390 loaded
/signatures 390 loaded
/padding 390 loaded
/password-hashing 390 loaded
/tls 390 loaded
/cryptanalysis 390 loaded
/compare 390 loaded
/learn 390 loaded
/glossary 390 loaded
/about 390 loaded
/not-a-real-route 390 loaded
