(!) Your Vite config uses features that are unsupported by `configLoader: 'native'`, which is planned to become the default in a future major version of Vite:
  - ESM syntax in a file loaded as CommonJS (functional-review/vitest.config.ts:1:1). Use a `.mjs` extension or set `"type": "module"` in the closest package.json
Set `VITE_CONFIG_NATIVE_IGNORE_WARNING=true` to suppress this warning.

 RUN  v4.1.11 /Volumes/LizsDisk/encryption-visualizer/encryption-visualizer

 ❯ src/pages/ComparePage.test.tsx (2 tests | 1 failed) 2121ms
   × does not describe signatures or key exchange as reversible encryption 419ms

⎯⎯⎯⎯⎯⎯⎯ Failed Tests 1 ⎯⎯⎯⎯⎯⎯⎯

 FAIL  src/pages/ComparePage.test.tsx > does not describe signatures or key exchange as reversible encryption
AssertionError: expected 'ReversibleYesYes' to be 'ReversibleNoNo' // Object.is equality

Expected: "ReversibleNoNo"
Received: "ReversibleYesYes"

 ❯ src/pages/ComparePage.test.tsx:21:48
     19|   act(() => useCompareStore.setState({ leftAlgorithm: 'signatures', ri…
     20|   const row = Array.from(view.container.querySelectorAll('tr')).find((…
     21|   expect(row?.textContent?.replace(/\s/g, '')).toBe('ReversibleNoNo');
       |                                                ^
     22| });
     23|

⎯⎯⎯⎯⎯⎯⎯⎯⎯⎯⎯⎯⎯⎯⎯⎯⎯⎯⎯⎯⎯⎯⎯⎯[1/1]⎯


 Test Files  1 failed (1)
      Tests  1 failed | 1 passed (2)
   Start at  14:28:24
   Duration  14.95s (transform 1.68s, setup 3.60s, import 4.31s, tests 2.12s, environment 3.91s)

