(!) Your Vite config uses features that are unsupported by `configLoader: 'native'`, which is planned to become the default in a future major version of Vite:
  - ESM syntax in a file loaded as CommonJS (functional-review/vitest.config.ts:1:1). Use a `.mjs` extension or set `"type": "module"` in the closest package.json
Set `VITE_CONFIG_NATIVE_IGNORE_WARNING=true` to suppress this warning.

 RUN  v4.1.11 /Volumes/LizsDisk/encryption-visualizer/encryption-visualizer

 ❯ src/pages/ComparePage.test.tsx (1 test | 1 failed) 457ms
   × initializes reversed query pairs atomically and lets visitors change the pair afterward 455ms

⎯⎯⎯⎯⎯⎯⎯ Failed Tests 1 ⎯⎯⎯⎯⎯⎯⎯

 FAIL  src/pages/ComparePage.test.tsx > initializes reversed query pairs atomically and lets visitors change the pair afterward
AssertionError: expected 'aes' to be 'rsa' // Object.is equality

Expected: "rsa"
Received: "aes"

 ❯ src/pages/ComparePage.test.tsx:11:52
      9| it('initializes reversed query pairs atomically and lets visitors chan…
     10|   render(<MemoryRouter initialEntries={['/compare?left=rsa&right=aes']…
     11|   expect(useCompareStore.getState().leftAlgorithm).toBe('rsa');
       |                                                    ^
     12|   expect(useCompareStore.getState().rightAlgorithm).toBe('aes');
     13|   act(() => useCompareStore.getState().setLeftAlgorithm('hashing'));

⎯⎯⎯⎯⎯⎯⎯⎯⎯⎯⎯⎯⎯⎯⎯⎯⎯⎯⎯⎯⎯⎯⎯⎯[1/1]⎯


 Test Files  1 failed (1)
      Tests  1 failed (1)
   Start at  14:19:27
   Duration  10.48s (transform 953ms, setup 1.48s, import 2.63s, tests 457ms, environment 2.82s)

