aes 1440 7 cards verified
rsa 1440 6 cards verified
ecc 1440 9 cards verified
block-modes 1440 7 cards verified
diffie-hellman 1440 6 cards verified
hashing 1440 6 cards verified
hmac 1440 7 cards verified
signatures 1440 8 cards verified
padding 1440 8 cards verified
password-hashing 1440 8 cards verified
tls 1440 11 cards verified
cryptanalysis 1440 8 cards verified
aes 390 7 cards verified
rsa 390 6 cards verified
ecc 390 9 cards verified
block-modes 390 7 cards verified
diffie-hellman 390 6 cards verified
hashing 390 6 cards verified
hmac 390 7 cards verified
signatures 390 8 cards verified
padding 390 8 cards verified
password-hashing 390 8 cards verified
tls 390 11 cards verified
cryptanalysis 390 8 cards verified
