Lockfile is up to date, resolution step is skipped
Progress: resolved 1, reused 0, downloaded 0, added 0
Packages: +555
++++++++++++++++++++++++++++++++++++++++++++++++++++++++++++++++++++++++++++++++
Progress: resolved 555, reused 0, downloaded 0, added 0
Progress: resolved 555, reused 1, downloaded 0, added 0
Progress: resolved 555, reused 4, downloaded 0, added 0
Progress: resolved 555, reused 6, downloaded 0, added 0
Progress: resolved 555, reused 8, downloaded 0, added 0
Progress: resolved 555, reused 11, downloaded 0, added 0
Progress: resolved 555, reused 14, downloaded 0, added 0
Progress: resolved 555, reused 16, downloaded 0, added 0
Progress: resolved 555, reused 17, downloaded 0, added 0
Progress: resolved 555, reused 23, downloaded 0, added 0
Progress: resolved 555, reused 31, downloaded 0, added 0
Progress: resolved 555, reused 43, downloaded 0, added 0
Progress: resolved 555, reused 61, downloaded 0, added 0
Progress: resolved 555, reused 83, downloaded 0, added 0
Progress: resolved 555, reused 94, downloaded 0, added 0
Progress: resolved 555, reused 99, downloaded 0, added 0
Progress: resolved 555, reused 105, downloaded 0, added 0
Progress: resolved 555, reused 111, downloaded 0, added 0
Progress: resolved 555, reused 114, downloaded 0, added 0
Progress: resolved 555, reused 123, downloaded 0, added 0
Progress: resolved 555, reused 128, downloaded 0, added 0
Progress: resolved 555, reused 137, downloaded 0, added 0
Progress: resolved 555, reused 146, downloaded 0, added 0
Progress: resolved 555, reused 152, downloaded 0, added 0
Progress: resolved 555, reused 156, downloaded 0, added 0
Progress: resolved 555, reused 157, downloaded 0, added 0
Progress: resolved 555, reused 165, downloaded 0, added 0
Progress: resolved 555, reused 168, downloaded 0, added 0
Progress: resolved 555, reused 172, downloaded 0, added 0
Progress: resolved 555, reused 176, downloaded 0, added 0
Progress: resolved 555, reused 180, downloaded 0, added 0
Progress: resolved 555, reused 197, downloaded 0, added 0
Progress: resolved 555, reused 209, downloaded 0, added 0
Progress: resolved 555, reused 228, downloaded 0, added 0
Progress: resolved 555, reused 239, downloaded 0, added 0
Progress: resolved 555, reused 262, downloaded 0, added 0
Progress: resolved 555, reused 300, downloaded 0, added 0
Progress: resolved 555, reused 318, downloaded 0, added 0
Progress: resolved 555, reused 328, downloaded 0, added 0
Progress: resolved 555, reused 336, downloaded 0, added 0
Progress: resolved 555, reused 347, downloaded 0, added 0
Progress: resolved 555, reused 352, downloaded 0, added 0
Progress: resolved 555, reused 353, downloaded 0, added 0
Progress: resolved 555, reused 356, downloaded 0, added 0
Progress: resolved 555, reused 361, downloaded 0, added 0
Progress: resolved 555, reused 364, downloaded 0, added 0
Progress: resolved 555, reused 377, downloaded 0, added 0
Progress: resolved 555, reused 387, downloaded 0, added 0
Progress: resolved 555, reused 396, downloaded 0, added 0
Progress: resolved 555, reused 411, downloaded 0, added 0
Progress: resolved 555, reused 430, downloaded 0, added 0
Progress: resolved 555, reused 454, downloaded 0, added 0
Progress: resolved 555, reused 474, downloaded 0, added 0
Progress: resolved 555, reused 485, downloaded 0, added 0
Progress: resolved 555, reused 500, downloaded 0, added 0
Progress: resolved 555, reused 508, downloaded 0, added 0
Progress: resolved 555, reused 525, downloaded 0, added 0
Progress: resolved 555, reused 538, downloaded 0, added 0
Progress: resolved 555, reused 548, downloaded 0, added 1
Progress: resolved 555, reused 551, downloaded 0, added 5
Progress: resolved 555, reused 552, downloaded 0, added 13
Progress: resolved 555, reused 552, downloaded 0, added 21
Progress: resolved 555, reused 552, downloaded 0, added 34
Progress: resolved 555, reused 552, downloaded 0, added 51
Progress: resolved 555, reused 552, downloaded 0, added 56
Progress: resolved 555, reused 552, downloaded 0, added 64
Progress: resolved 555, reused 552, downloaded 0, added 77
Progress: resolved 555, reused 552, downloaded 0, added 87
Progress: resolved 555, reused 552, downloaded 0, added 91
Progress: resolved 555, reused 552, downloaded 0, added 97
Progress: resolved 555, reused 552, downloaded 0, added 103
Progress: resolved 555, reused 552, downloaded 0, added 106
Progress: resolved 555, reused 552, downloaded 0, added 110
Progress: resolved 555, reused 552, downloaded 0, added 112
Progress: resolved 555, reused 552, downloaded 0, added 117
Progress: resolved 555, reused 552, downloaded 0, added 120
Progress: resolved 555, reused 552, downloaded 0, added 123
Progress: resolved 555, reused 552, downloaded 0, added 127
Progress: resolved 555, reused 552, downloaded 0, added 141
Progress: resolved 555, reused 552, downloaded 0, added 147
Progress: resolved 555, reused 552, downloaded 0, added 150
Progress: resolved 555, reused 552, downloaded 0, added 151
Progress: resolved 555, reused 552, downloaded 0, added 156
Progress: resolved 555, reused 552, downloaded 0, added 157
Progress: resolved 555, reused 552, downloaded 0, added 159
Progress: resolved 555, reused 552, downloaded 0, added 164
Progress: resolved 555, reused 552, downloaded 0, added 166
Progress: resolved 555, reused 552, downloaded 0, added 169
Progress: resolved 555, reused 552, downloaded 0, added 170
Progress: resolved 555, reused 552, downloaded 0, added 171
Progress: resolved 555, reused 552, downloaded 0, added 176
Progress: resolved 555, reused 552, downloaded 0, added 182
Progress: resolved 555, reused 552, downloaded 0, added 187
Progress: resolved 555, reused 552, downloaded 0, added 190
Progress: resolved 555, reused 552, downloaded 0, added 192
Progress: resolved 555, reused 552, downloaded 0, added 193
Progress: resolved 555, reused 552, downloaded 0, added 196
Progress: resolved 555, reused 552, downloaded 0, added 199
Progress: resolved 555, reused 552, downloaded 0, added 202
Progress: resolved 555, reused 552, downloaded 0, added 205
Progress: resolved 555, reused 552, downloaded 0, added 209
Progress: resolved 555, reused 552, downloaded 0, added 213
Progress: resolved 555, reused 553, downloaded 0, added 219
Progress: resolved 555, reused 553, downloaded 0, added 232
Progress: resolved 555, reused 553, downloaded 0, added 248
Progress: resolved 555, reused 553, downloaded 0, added 265
Progress: resolved 555, reused 553, downloaded 0, added 280
Progress: resolved 555, reused 553, downloaded 0, added 301
Progress: resolved 555, reused 553, downloaded 0, added 312
Progress: resolved 555, reused 553, downloaded 0, added 319
Progress: resolved 555, reused 553, downloaded 0, added 325
Progress: resolved 555, reused 553, downloaded 0, added 326
Progress: resolved 555, reused 553, downloaded 0, added 327
Progress: resolved 555, reused 553, downloaded 0, added 329
Progress: resolved 555, reused 553, downloaded 0, added 331
Progress: resolved 555, reused 553, downloaded 0, added 335
Progress: resolved 555, reused 553, downloaded 0, added 337
Progress: resolved 555, reused 553, downloaded 0, added 339
Progress: resolved 555, reused 553, downloaded 0, added 345
Progress: resolved 555, reused 553, downloaded 0, added 348
Progress: resolved 555, reused 553, downloaded 0, added 353
Progress: resolved 555, reused 554, downloaded 0, added 359
Progress: resolved 555, reused 554, downloaded 0, added 380
Progress: resolved 555, reused 554, downloaded 0, added 399
Progress: resolved 555, reused 554, downloaded 0, added 426
Progress: resolved 555, reused 555, downloaded 0, added 444
Progress: resolved 555, reused 555, downloaded 0, added 454
Progress: resolved 555, reused 555, downloaded 0, added 467
Progress: resolved 555, reused 555, downloaded 0, added 476
Progress: resolved 555, reused 555, downloaded 0, added 483
Progress: resolved 555, reused 555, downloaded 0, added 491
Progress: resolved 555, reused 555, downloaded 0, added 497
Progress: resolved 555, reused 555, downloaded 0, added 498
Progress: resolved 555, reused 555, downloaded 0, added 503
Progress: resolved 555, reused 555, downloaded 0, added 518
Progress: resolved 555, reused 555, downloaded 0, added 521
Progress: resolved 555, reused 555, downloaded 0, added 522
Progress: resolved 555, reused 555, downloaded 0, added 524
Progress: resolved 555, reused 555, downloaded 0, added 526
Progress: resolved 555, reused 555, downloaded 0, added 528
Progress: resolved 555, reused 555, downloaded 0, added 531
Progress: resolved 555, reused 555, downloaded 0, added 533
Progress: resolved 555, reused 555, downloaded 0, added 536
Progress: resolved 555, reused 555, downloaded 0, added 537
Progress: resolved 555, reused 555, downloaded 0, added 538
Progress: resolved 555, reused 555, downloaded 0, added 539
Progress: resolved 555, reused 555, downloaded 0, added 542
Progress: resolved 555, reused 555, downloaded 0, added 543
Progress: resolved 555, reused 555, downloaded 0, added 544
Progress: resolved 555, reused 555, downloaded 0, added 545
Progress: resolved 555, reused 555, downloaded 0, added 546
Progress: resolved 555, reused 555, downloaded 0, added 547
Progress: resolved 555, reused 555, downloaded 0, added 548
Progress: resolved 555, reused 555, downloaded 0, added 549
Progress: resolved 555, reused 555, downloaded 0, added 550
Progress: resolved 555, reused 555, downloaded 0, added 551
Progress: resolved 555, reused 555, downloaded 0, added 552
Progress: resolved 555, reused 555, downloaded 0, added 553
Progress: resolved 555, reused 555, downloaded 0, added 554
Progress: resolved 555, reused 555, downloaded 0, added 555
Progress: resolved 555, reused 555, downloaded 0, added 555, done

dependencies:
+ framer-motion 13.1.0
+ posthog-js 1.422.5
+ react 19.2.8
+ react-dom 19.2.8
+ react-router-dom 7.18.3
+ zustand 5.0.15

devDependencies:
+ @eslint/js 10.0.1
+ @playwright/test 1.62.1
+ @tailwindcss/postcss 4.3.3
+ @tailwindcss/typography 0.5.20
+ @testing-library/jest-dom 7.0.1
+ @testing-library/react 16.3.3
+ @types/node 26.4.0
+ @types/react 19.2.18
+ @types/react-dom 19.2.7
+ @vitejs/plugin-react 6.1.1
+ autoprefixer 10.5.5
+ eslint 10.9.1
+ eslint-plugin-jsx-a11y 6.10.2
+ eslint-plugin-react-hooks 7.1.1
+ eslint-plugin-react-refresh 0.5.6
+ fast-uri 3.1.7
+ globals 17.11.0
+ happy-dom 20.12.0
+ lucide-react 1.38.0
+ postcss 8.5.28
+ prettier 3.9.6
+ tailwindcss 4.3.3
+ typescript 6.0.3
+ typescript-eslint 8.69.0
+ vite 8.2.2
+ vite-plugin-pwa 1.3.0
+ vitest 4.1.11
+ workbox-window 7.4.1

Done in 5m 8.1s
