(!) Your Vite config uses features that are unsupported by `configLoader: 'native'`, which is planned to become the default in a future major version of Vite:
  - `__dirname` (vite.config.ts:83:25). Use `import.meta.dirname` instead
Set `VITE_CONFIG_NATIVE_IGNORE_WARNING=true` to suppress this warning.
vite v8.2.2 building client environment for production...
transforming...
✓ 2364 modules transformed.
rendering chunks...
computing gzip size...
dist/manifest.webmanifest                          0.57 kB
dist/index.html                                    3.04 kB │ gzip:  1.02 kB
dist/assets/index-dJOjbeYM.css                   141.01 kB │ gzip: 20.32 kB
dist/assets/check-c8hBJEhm.js                      0.12 kB │ gzip:  0.14 kB
dist/assets/terminal-BJBGUat9.js                   0.16 kB │ gzip:  0.15 kB
dist/assets/arrow-left-Dp5AE850.js                 0.16 kB │ gzip:  0.16 kB
dist/assets/clock-AWFZU3fo.js                      0.16 kB │ gzip:  0.16 kB
dist/assets/search-BwD1lxRJ.js                     0.17 kB │ gzip:  0.16 kB
dist/assets/lock-open-Bjs29CUf.js                  0.21 kB │ gzip:  0.19 kB
dist/assets/link-2-CMrves2t.js                     0.24 kB │ gzip:  0.20 kB
dist/assets/database-DTG0Lz6V.js                   0.24 kB │ gzip:  0.20 kB
dist/assets/external-link-CNH7lYqw.js              0.25 kB │ gzip:  0.19 kB
dist/assets/shield-BBgZ0fgs.js                     0.27 kB │ gzip:  0.22 kB
dist/assets/lightbulb-uDRVOVqn.js                  0.28 kB │ gzip:  0.22 kB
dist/assets/grid-3x3-bFwl_F-c.js                   0.29 kB │ gzip:  0.21 kB
dist/assets/mail-DnJKyVt7.js                       0.32 kB │ gzip:  0.24 kB
dist/assets/file-text-Ew49BoPd.js                  0.38 kB │ gzip:  0.25 kB
dist/assets/sparkles-DOeFC8-X.js                   0.49 kB │ gzip:  0.28 kB
dist/assets/zap-BXelLEuA.js                        1.23 kB │ gzip:  0.60 kB
dist/assets/signatures-DQrlxeMa.js                 1.98 kB │ gzip:  0.98 kB
dist/assets/hash-CBcq3D1T.js                       1.99 kB │ gzip:  0.99 kB
dist/assets/rsa-Bywn1KfQ.js                        3.06 kB │ gzip:  1.25 kB
dist/assets/diffie-hellman-OvtwCXXC.js             3.44 kB │ gzip:  1.33 kB
dist/assets/hmac-C5MUKvqE.js                       3.50 kB │ gzip:  1.41 kB
dist/assets/aes-UthCseXR.js                        4.49 kB │ gzip:  1.91 kB
dist/assets/AboutPage-BOStFgfE.js                  5.37 kB │ gzip:  1.93 kB
dist/assets/workbox-window.prod.es5-Bd17z0YL.js    5.65 kB │ gzip:  2.20 kB
dist/assets/block-modes-BShBGKSE.js                6.20 kB │ gzip:  2.25 kB
dist/assets/GlossaryPage-CPsp1c36.js               8.87 kB │ gzip:  3.11 kB
dist/assets/createLucideIcon-Ct0G_dhG.js           9.75 kB │ gzip:  3.85 kB
dist/assets/LearningPathsPage-vu-ivzI9.js         15.00 kB │ gzip:  4.18 kB
dist/assets/EducationalCard-uvAK7ZlJ.js           16.25 kB │ gzip:  5.00 kB
dist/assets/HMACPage-BMhybeBY.js                  26.40 kB │ gzip:  7.26 kB
dist/assets/ComparePage-D2GuYsFC.js               33.42 kB │ gzip:  8.57 kB
dist/assets/RSAPage-MrliBXH3.js                   33.57 kB │ gzip:  8.80 kB
dist/assets/PaddingPage-uwIRzR7m.js               34.08 kB │ gzip:  9.05 kB
dist/assets/HashingPage-CgKz0y3X.js               35.82 kB │ gzip:  9.25 kB
dist/assets/PasswordHashingPage-BXqQ0GnD.js       36.82 kB │ gzip: 10.35 kB
dist/assets/create-proxy-BmJsESfI.js              38.48 kB │ gzip: 13.87 kB
dist/assets/BlockModesPage-qcHi6rbN.js            40.79 kB │ gzip: 10.01 kB
dist/assets/AESPage-2DqzLG83.js                   42.92 kB │ gzip: 11.49 kB
dist/assets/DiffieHellmanPage-CnyKsHA_.js         43.31 kB │ gzip: 10.19 kB
dist/assets/SignaturesPage-CSFmB1kj.js            44.09 kB │ gzip: 10.46 kB
dist/assets/ECCPage-bXenV36r.js                   44.39 kB │ gzip: 12.83 kB
dist/assets/proxy-5oENcEmf.js                     45.59 kB │ gzip: 13.63 kB
dist/assets/TLSPage-DBUv_CJQ.js                   49.09 kB │ gzip: 12.85 kB
dist/assets/CryptanalysisPage-BuUcn5Kv.js         56.02 kB │ gzip: 15.99 kB
dist/assets/routes-B5sPwMTq.js                    98.05 kB │ gzip: 32.94 kB
dist/assets/module-Bnr-R7tU.js                   259.38 kB │ gzip: 85.80 kB
dist/assets/index-C1Fs32_w.js                    291.77 kB │ gzip: 93.59 kB

✓ built in 12.88s

PWA v1.3.0
mode      generateSW
precache  59 entries (1453.89 KiB)
files generated
  dist/sw.js
  dist/workbox-6829fd8d.js
[33m[PLUGIN_TIMINGS] [0mYour build spent 100% of 12.5s inside plugin hooks (28.4s).
Measured inside the callback, so queue time is excluded and time the callback itself awaited is not:
  - vite-plugin-pwa:build closeBundle (100%, 20.6s, 1 call)
  - vite:css transform (40%, 5.0s, 1 call)
  - vite:css-post renderChunk (11%, 1.4s, 47 calls)
See https://rolldown.rs/reference/InputOptions.checks#plugintimings for more details.

