(!) Your Vite config uses features that are unsupported by `configLoader: 'native'`, which is planned to become the default in a future major version of Vite:
  - `__dirname` (vite.config.ts:83:25). Use `import.meta.dirname` instead
Set `VITE_CONFIG_NATIVE_IGNORE_WARNING=true` to suppress this warning.

 RUN  v4.1.11 /Volumes/LizsDisk/encryption-visualizer/encryption-visualizer

 ❯ src/components/ui/IntegrationRecovery.test.tsx (5 tests | 5 failed) 2377ms
     × removes the install action after dismissing the native prompt 1104ms
     × clears failed temporary frames through Try Again and allows a fresh run 10ms
     × supports radio arrow navigation, wrapping and one tab stop 5ms
     × closes mobile navigation when selecting the current lesson 252ms
     × lands on a hash target without animation when reduced motion is requested 1004ms

⎯⎯⎯⎯⎯⎯⎯ Failed Tests 5 ⎯⎯⎯⎯⎯⎯⎯

 FAIL  src/components/ui/IntegrationRecovery.test.tsx > integration recovery > removes the install action after dismissing the native prompt
Error: expect(element).not.toBeInTheDocument()

expected document not to contain element, found <button
  class="px-3 py-1.5 bg-blue-600 hover:bg-blue-700 text-white text-xs font-semibold rounded-lg transition-colors"
>
  Install
</button> instead

Ignored nodes: comments, script, style
[36m<html[39m
  [33mclass[39m=[32m"dark"[39m
[36m>[39m
  [36m<head />[39m
  [36m<body>[39m
    [36m<div>[39m
      [36m<div[39m
        [33mclass[39m=[32m"fixed bottom-6 left-1/2 -translate-x-1/2 z-50 glass-card px-5 py-3 flex items-center gap-4 shadow-xl border border-slate-200 dark:border-white/10 max-w-md"[39m
        [33mstyle[39m=[32m"opacity: 0; transform: translateY(60px);"[39m
      [36m>[39m
        [36m<div[39m
          [33mclass[39m=[32m"p-2 bg-blue-100 dark:bg-blue-500/20 rounded-lg flex-shrink-0"[39m
        [36m>[39m
          [36m<svg[39m
            [33maria-hidden[39m=[32m"true"[39m
            [33mclass[39m=[32m"lucide lucide-download w-5 h-5 text-blue-600 dark:text-blue-400"[39m
            [33mfill[39m=[32m"none"[39m
            [33mheight[39m=[32m"24"[39m
            [33mstroke[39m=[32m"currentColor"[39m
            [33mstroke-linecap[39m=[32m"round"[39m
            [33mstroke-linejoin[39m=[32m"round"[39m
            [33mstroke-width[39m=[32m"2"[39m
            [33mviewBox[39m=[32m"0 0 24 24"[39m
            [33mwidth[39m=[32m"24"[39m
            [33mxmlns[39m=[32m"http://www.w3.org/2000/svg"[39m
          [36m>[39m
            [36m<path[39m
              [33md[39m=[32m"M12 15V3"[39m
            [36m/>[39m
            [36m<path[39m
              [33md[39m=[32m"M21 15v4a2 2 0 0 1-2 2H5a2 2 0 0 1-2-2v-4"[39m
            [36m/>[39m
            [36m<path[39m
              [33md[39m=[32m"m7 10 5 5 5-5"[39m
            [36m/>[39m
          [36m</svg>[39m
        [36m</div>[39m
        [36m<p[39m
          [33mclass[39m=[32m"text-sm text-slate-700 dark:text-slate-300"[39m
        [36m>[39m
          [0mInstall CryptoViz for offline learning[0m
        [36m</p>[39m
        [36m<div[39m
          [33mclass[39m=[32m"flex items-center gap-2 flex-shrink-0"[39m
        [36m>[39m
          [36m<button[39m
            [33mclass[39m=[32m"px-3 py-1.5 bg-blue-600 hover:bg-blue-700 text-white text-xs font-semibold rounded-lg transition-colors"[39m
          [36m>[39m
            [0mInstall[0m
          [36m</button>[39m
          [36m<button[39m
            [33maria-label[39m=[32m"Dismiss"[39m
            [33mclass[39m=[32m"p-1 text-slate-400 hover:text-slate-600 dark:hover:text-slate-200 transition-colors"[39m
          [36m>[39m
            [36m<svg[39m
              [33maria-hidden[39m=[32m"true"[39m
              [33mclass[39m=[32m"lucide lucide-x w-4 h-4"[39m
              [33mfill[39m=[32m"none"[39m
              [33mheight[39m=[32m"24"[39m
              [33mstroke[39m=[32m"currentColor"[39m
              [33mstroke-linecap[39m=[32m"round"[39m
              [33mstroke-linejoin[39m=[32m"round"[39m
              [33mstroke-width[39m=[32m"2"[39m
              [33mviewBox[39m=[32m"0 0 24 24"[39m
              [33mwidth[39m=[32m"24"[39m
              [33mxmlns[39m=[32m"http://www.w3.org/2000/svg"[39m
            [36m>[39m
              [36m<path[39m
                [33md[39m=[32m"M18 6 6 18"[39m
              [36m/>[39m
              [36m<path[39m
                [33md[39m=[32m"m6 6 12 12"[39m
              [36m/>[39m
            [36m</svg>[39m
          [36m</button>[39m
        [36m</div>[39m
      [36m</div>[39m
    [36m</div>[39m
  [36m</body>[39m
[36m</html>[39m
 ❯ src/components/ui/IntegrationRecovery.test.tsx:24:100
     22|     fireEvent(window, event);
     23|     fireEvent.click(screen.getByRole('button', { name: 'Install', exac…
     24|     await waitFor(() => expect(screen.queryByRole('button', { name: 'I…
       |                                                                                                    ^
     25|     expect(prompt).toHaveBeenCalledOnce();
     26|   });
 ❯ runWithExpensiveErrorDiagnosticsDisabled node_modules/.pnpm/@testing-library+dom@10.4.1/node_modules/@testing-library/dom/dist/config.js:47:12
 ❯ checkCallback node_modules/.pnpm/@testing-library+dom@10.4.1/node_modules/@testing-library/dom/dist/wait-for.js:124:77
 ❯ Timeout.checkRealTimersCallback node_modules/.pnpm/@testing-library+dom@10.4.1/node_modules/@testing-library/dom/dist/wait-for.js:118:16

⎯⎯⎯⎯⎯⎯⎯⎯⎯⎯⎯⎯⎯⎯⎯⎯⎯⎯⎯⎯⎯⎯⎯⎯[1/5]⎯

 FAIL  src/components/ui/IntegrationRecovery.test.tsx > integration recovery > clears failed temporary frames through Try Again and allows a fresh run
TestingLibraryElementError: Unable to find an element with the text: Ready to generate a new run. This could be because the text is broken up by multiple elements. In this case, you can provide a function for your text matcher to make your matcher more flexible.

Ignored nodes: comments, script, style
[36m<body>[39m
  [36m<div>[39m
    [36m<div[39m
      [33mclass[39m=[32m"glass-card p-6 text-center"[39m
    [36m>[39m
      [36m<div[39m
        [33mclass[39m=[32m"flex flex-col items-center gap-4"[39m
      [36m>[39m
        [36m<div[39m
          [33mclass[39m=[32m"p-3 bg-red-100 dark:bg-red-500/20 rounded-full"[39m
        [36m>[39m
          [36m<svg[39m
            [33maria-hidden[39m=[32m"true"[39m
            [33mclass[39m=[32m"lucide lucide-triangle-alert w-8 h-8 text-red-600 dark:text-red-400"[39m
            [33mfill[39m=[32m"none"[39m
            [33mheight[39m=[32m"24"[39m
            [33mstroke[39m=[32m"currentColor"[39m
            [33mstroke-linecap[39m=[32m"round"[39m
            [33mstroke-linejoin[39m=[32m"round"[39m
            [33mstroke-width[39m=[32m"2"[39m
            [33mviewBox[39m=[32m"0 0 24 24"[39m
            [33mwidth[39m=[32m"24"[39m
            [33mxmlns[39m=[32m"http://www.w3.org/2000/svg"[39m
          [36m>[39m
            [36m<path[39m
              [33md[39m=[32m"m21.73 18-8-14a2 2 0 0 0-3.48 0l-8 14A2 2 0 0 0 4 21h16a2 2 0 0 0 1.73-3"[39m
            [36m/>[39m
            [36m<path[39m
              [33md[39m=[32m"M12 9v4"[39m
            [36m/>[39m
            [36m<path[39m
              [33md[39m=[32m"M12 17h.01"[39m
            [36m/>[39m
          [36m</svg>[39m
        [36m</div>[39m
        [36m<div>[39m
          [36m<h3[39m
            [33mclass[39m=[32m"text-lg font-bold text-slate-900 dark:text-white mb-2"[39m
          [36m>[39m
            [0mSomething went wrong[0m
          [36m</h3>[39m
          [36m<p[39m
            [33mclass[39m=[32m"text-sm text-slate-600 dark:text-slate-400 mb-4"[39m
          [36m>[39m
            [0mThe visualization encountered an error. This might happen with unusual input values.[0m
          [36m</p>[39m
          [36m<button[39m
            [33mclass[39m=[32m"btn-primary inline-flex items-center gap-2"[39m
          [36m>[39m
            [36m<svg[39m
              [33maria-hidden[39m=[32m"true"[39m
              [33mclass[39m=[32m"lucide lucide-refresh-cw w-4 h-4"[39m
              [33mfill[39m=[32m"none"[39m
              [33mheight[39m=[32m"24"[39m
              [33mstroke[39m=[32m"currentColor"[39m
              [33mstroke-linecap[39m=[32m"round"[39m
              [33mstroke-linejoin[39m=[32m"round"[39m
              [33mstroke-width[39m=[32m"2"[39m
              [33mviewBox[39m=[32m"0 0 24 24"[39m
              [33mwidth[39m=[32m"24"[39m
              [33mxmlns[39m=[32m"http://www.w3.org/2000/svg"[39m
            [36m>[39m
              [36m<path[39m
                [33md[39m=[32m"M3 12a9 9 0 0 1 9-9 9.75 9.75 0 0 1 6.74 2.74L21 8"[39m
              [36m/>[39m
              [36m<path[39m
                [33md[39m=[32m"M21 3v5h-5"[39m
              [36m/>[39m
              [36m<path[39m
                [33md[39m=[32m"M21 12a9 9 0 0 1-9 9 9.75 9.75 0 0 1-6.74-2.74L3 16"[39m
              [36m/>[39m
              [36m<path[39m
                [33md[39m=[32m"M8 16H3v5"[39m
              [36m/>[39m
            [36m</svg>[39m
            [0mTry Again[0m
          [36m</button>[39m
        [36m</div>[39m
      [36m</div>[39m
    [36m</div>[39m
  [36m</div>[39m
[36m</body>[39m
 ❯ Object.getElementError node_modules/.pnpm/@testing-library+dom@10.4.1/node_modules/@testing-library/dom/dist/config.js:37:19
 ❯ node_modules/.pnpm/@testing-library+dom@10.4.1/node_modules/@testing-library/dom/dist/query-helpers.js:76:38
 ❯ node_modules/.pnpm/@testing-library+dom@10.4.1/node_modules/@testing-library/dom/dist/query-helpers.js:52:17
 ❯ node_modules/.pnpm/@testing-library+dom@10.4.1/node_modules/@testing-library/dom/dist/query-helpers.js:95:19
 ❯ src/components/ui/IntegrationRecovery.test.tsx:38:19
     36|     render(<ErrorBoundary><Frame /></ErrorBoundary>);
     37|     fireEvent.click(screen.getByRole('button', { name: 'Try Again' }));
     38|     expect(screen.getByText('Ready to generate a new run')).toBeInTheD…
       |                   ^
     39|     expect(useVisualizationStore.getState()).toMatchObject({ steps: []…
     40|   });

⎯⎯⎯⎯⎯⎯⎯⎯⎯⎯⎯⎯⎯⎯⎯⎯⎯⎯⎯⎯⎯⎯⎯⎯[2/5]⎯

 FAIL  src/components/ui/IntegrationRecovery.test.tsx > integration recovery > supports radio arrow navigation, wrapping and one tab stop
Error: expect(element).toHaveAttribute("tabindex", "0") // element.getAttribute("tabindex") === "0"

Expected the element to have attribute:
  tabindex="0"
Received:
  null
 ❯ src/components/ui/IntegrationRecovery.test.tsx:48:18
     46|     const system = screen.getByRole('radio', { name: 'System theme' });
     47|     const light = screen.getByRole('radio', { name: 'Light mode' });
     48|     expect(dark).toHaveAttribute('tabindex', '0');
       |                  ^
     49|     expect(light).toHaveAttribute('tabindex', '-1');
     50|     dark.focus();

⎯⎯⎯⎯⎯⎯⎯⎯⎯⎯⎯⎯⎯⎯⎯⎯⎯⎯⎯⎯⎯⎯⎯⎯[3/5]⎯

 FAIL  src/components/ui/IntegrationRecovery.test.tsx > integration recovery > closes mobile navigation when selecting the current lesson
Error: expect(element).not.toHaveAttribute("open") // element.hasAttribute("open")

Expected the element not to have attribute:
  open
Received:
  open=""
 ❯ src/components/ui/IntegrationRecovery.test.tsx:67:22
     65|     const nav = screen.getByRole('navigation', { name: 'Mobile navigat…
     66|     fireEvent.click(nav.querySelector('a[href="/aes"]')!);
     67|     expect(menu).not.toHaveAttribute('open');
       |                      ^
     68|   });
     69|

⎯⎯⎯⎯⎯⎯⎯⎯⎯⎯⎯⎯⎯⎯⎯⎯⎯⎯⎯⎯⎯⎯⎯⎯[4/5]⎯

 FAIL  src/components/ui/IntegrationRecovery.test.tsx > integration recovery > lands on a hash target without animation when reduced motion is requested
AssertionError: expected "vi.fn()" to be called with arguments: [ { behavior: 'instant', top: +0 } ]

Received:

  1st vi.fn() call:

  [
    {
-     "behavior": "instant",
+     "behavior": "smooth",
      "top": 0,
    },
  ]


Number of calls: 1


Ignored nodes: comments, script, style
[36m<html[39m
  [33mclass[39m=[32m"dark"[39m
[36m>[39m
  [36m<head />[39m
  [36m<body>[39m
    [36m<div>[39m
      [36m<section[39m
        [33mid[39m=[32m"topics"[39m
      [36m>[39m
        [0mCatalog[0m
      [36m</section>[39m
    [36m</div>[39m
  [36m</body>[39m
[36m</html>[39m
 ❯ src/components/ui/IntegrationRecovery.test.tsx:75:40
     73|     vi.spyOn(window, 'scrollTo').mockImplementation(scroll);
     74|     render(<MemoryRouter initialEntries={['/#topics']}><ScrollToTop />…
     75|     await waitFor(() => expect(scroll).toHaveBeenCalledWith({ behavior…
       |                                        ^
     76|   });
     77| });
 ❯ runWithExpensiveErrorDiagnosticsDisabled node_modules/.pnpm/@testing-library+dom@10.4.1/node_modules/@testing-library/dom/dist/config.js:47:12
 ❯ checkCallback node_modules/.pnpm/@testing-library+dom@10.4.1/node_modules/@testing-library/dom/dist/wait-for.js:124:77
 ❯ Timeout.checkRealTimersCallback node_modules/.pnpm/@testing-library+dom@10.4.1/node_modules/@testing-library/dom/dist/wait-for.js:118:16

⎯⎯⎯⎯⎯⎯⎯⎯⎯⎯⎯⎯⎯⎯⎯⎯⎯⎯⎯⎯⎯⎯⎯⎯[5/5]⎯


 Test Files  1 failed (1)
      Tests  5 failed (5)
   Start at  14:06:24
   Duration  7.14s (transform 352ms, setup 281ms, import 2.28s, tests 2.38s, environment 646ms)

